enflurane
etomidate
ketamine
thiopental
phenobarbital
pentobarbital
triazolam
flurazepam
zolpidem
chlorpromazine
Olanzapine
haloperidol
sulpiride
risperidone
baclofen
Sodium_valproate
ethosuximide
carbamazepine
lamotrigine
chlordiazepoxide
diazepam
Oxazepam
lorazepam
alprazolam
imipramine
clomipramine
amitriptyline
fluoxetine
trazodone
theophylline
amphetamine
methylphenidate
modafinil
naloxone
pentazocine
fentanyl
methadone
biperiden
L-DOPA
carbidopa
ropinirole
selegiline
carisoprodol
chlorphenesin
cyclobenzaprine
neostigmine
pilocarpine
donepezil
atropine
ipratropium
tropicamide
homatropine
dicyclomine
cyclopentolate
oxybutynin
propiverine
norepinephrine
epinephrine
salbutamol
bambuterol
ephedrine
phenylephrine
terazosin
alfuzosin
propranolol
atenolol
bisoprolol
carvedilol
quetiapine
sumatriptan
ondansetron
venlafaxine
sertraline
paroxetine
procaine
dibucaine
benoxinate
lidocaine
bupivacaine
sildenafil
vardenafil
roflumilast
fenoterol
formoterol
levodropropizine
ambroxol
montelukast
doxapram
nifedipine
diltiazem
nimodipine
milrinone
amiodarone
sotalol
verapamil
enalapril
ramipril
hydralazine
acetazolamide
hydrochlorothiazide
furosemide
bumetanide
amiloride
simvastatin
atorvastatin
bezafibrate
clopidogrel
acipimox
cilostazol
glyburide
glimepiride
rosiglitazone
repaglinide
acetaminophen
aspirin
indomethacin
sulindac
diclofenac
ibuprofen
naproxen
piroxicam
talniflumate
PAS
isoniazid
pyrazinamide
dapsone
clofazimine
hydroxyzine
cetirizine
flunarizine
fexofenadine
promethazine
mequitazine
loratadine
ketotifen